Copyright 1986-2022 Xilinx, Inc. All Rights Reserved. Copyright 2022-2024 Advanced Micro Devices, Inc. All Rights Reserved.
-----------------------------------------------------------------------------------------------------------------------------------------------------------------------------
| Tool Version : Vivado v.2024.1 (win64) Build 5076996 Wed May 22 18:37:14 MDT 2024
| Date         : Thu Oct 10 16:01:37 2024
| Host         : PopTop running 64-bit major release  (build 9200)
| Command      : report_methodology -file Setup_wrapper_methodology_drc_routed.rpt -pb Setup_wrapper_methodology_drc_routed.pb -rpx Setup_wrapper_methodology_drc_routed.rpx
| Design       : Setup_wrapper
| Device       : xc7z020clg484-1
| Speed File   : -1
| Design State : Fully Routed
-----------------------------------------------------------------------------------------------------------------------------------------------------------------------------

Report Methodology

Table of Contents
-----------------
1. REPORT SUMMARY
2. REPORT DETAILS

1. REPORT SUMMARY
-----------------
            Netlist: netlist
          Floorplan: design_1
      Design limits: <entire design considered>
             Max violations: <unlimited>
             Violations found: 80
+-----------+----------+---------------------------------------------------+------------+
| Rule      | Severity | Description                                       | Violations |
+-----------+----------+---------------------------------------------------+------------+
| TIMING-18 | Warning  | Missing input or output delay                     | 2          |
| XDCC-2    | Warning  | Scoped Non-Timing constraint/property overwritten | 78         |
+-----------+----------+---------------------------------------------------+------------+

2. REPORT DETAILS
-----------------
TIMING-18#1 Warning
Missing input or output delay  
An input delay is missing on btn relative to the rising and/or falling clock edge(s) of clk_fpga_0.
Related violations: <none>

TIMING-18#2 Warning
Missing input or output delay  
An output delay is missing on led relative to the rising and/or falling clock edge(s) of clk_fpga_0.
Related violations: <none>

XDCC-2#1 Warning
Scoped Non-Timing constraint/property overwritten  
A new XDC property IOSTANDARD on DDR_addr[0] overrides a previous scoped property. It is not recommended to override a scoped (typically an IP) property and could result in unexpected behaviours.
New Source: C:/Git/Uni-CPU/CPURev2/CPURev2.srcs/constrs_1/new/CPU.xdc (Line: 8)
Previous Source: c:/Git/Uni-CPU/CPURev2/CPURev2.gen/sources_1/bd/Setup/ip/Setup_processing_system7_0_0/Setup_processing_system7_0_0.xdc (Line: 353)
Related violations: <none>

XDCC-2#2 Warning
Scoped Non-Timing constraint/property overwritten  
A new XDC property IOSTANDARD on DDR_addr[10] overrides a previous scoped property. It is not recommended to override a scoped (typically an IP) property and could result in unexpected behaviours.
New Source: C:/Git/Uni-CPU/CPURev2/CPURev2.srcs/constrs_1/new/CPU.xdc (Line: 8)
Previous Source: c:/Git/Uni-CPU/CPURev2/CPURev2.gen/sources_1/bd/Setup/ip/Setup_processing_system7_0_0/Setup_processing_system7_0_0.xdc (Line: 349)
Related violations: <none>

XDCC-2#3 Warning
Scoped Non-Timing constraint/property overwritten  
A new XDC property IOSTANDARD on DDR_addr[11] overrides a previous scoped property. It is not recommended to override a scoped (typically an IP) property and could result in unexpected behaviours.
New Source: C:/Git/Uni-CPU/CPURev2/CPURev2.srcs/constrs_1/new/CPU.xdc (Line: 8)
Previous Source: c:/Git/Uni-CPU/CPURev2/CPURev2.gen/sources_1/bd/Setup/ip/Setup_processing_system7_0_0/Setup_processing_system7_0_0.xdc (Line: 345)
Related violations: <none>

XDCC-2#4 Warning
Scoped Non-Timing constraint/property overwritten  
A new XDC property IOSTANDARD on DDR_addr[12] overrides a previous scoped property. It is not recommended to override a scoped (typically an IP) property and could result in unexpected behaviours.
New Source: C:/Git/Uni-CPU/CPURev2/CPURev2.srcs/constrs_1/new/CPU.xdc (Line: 8)
Previous Source: c:/Git/Uni-CPU/CPURev2/CPURev2.gen/sources_1/bd/Setup/ip/Setup_processing_system7_0_0/Setup_processing_system7_0_0.xdc (Line: 341)
Related violations: <none>

XDCC-2#5 Warning
Scoped Non-Timing constraint/property overwritten  
A new XDC property IOSTANDARD on DDR_addr[13] overrides a previous scoped property. It is not recommended to override a scoped (typically an IP) property and could result in unexpected behaviours.
New Source: C:/Git/Uni-CPU/CPURev2/CPURev2.srcs/constrs_1/new/CPU.xdc (Line: 8)
Previous Source: c:/Git/Uni-CPU/CPURev2/CPURev2.gen/sources_1/bd/Setup/ip/Setup_processing_system7_0_0/Setup_processing_system7_0_0.xdc (Line: 337)
Related violations: <none>

XDCC-2#6 Warning
Scoped Non-Timing constraint/property overwritten  
A new XDC property IOSTANDARD on DDR_addr[14] overrides a previous scoped property. It is not recommended to override a scoped (typically an IP) property and could result in unexpected behaviours.
New Source: C:/Git/Uni-CPU/CPURev2/CPURev2.srcs/constrs_1/new/CPU.xdc (Line: 8)
Previous Source: c:/Git/Uni-CPU/CPURev2/CPURev2.gen/sources_1/bd/Setup/ip/Setup_processing_system7_0_0/Setup_processing_system7_0_0.xdc (Line: 333)
Related violations: <none>

XDCC-2#7 Warning
Scoped Non-Timing constraint/property overwritten  
A new XDC property IOSTANDARD on DDR_addr[1] overrides a previous scoped property. It is not recommended to override a scoped (typically an IP) property and could result in unexpected behaviours.
New Source: C:/Git/Uni-CPU/CPURev2/CPURev2.srcs/constrs_1/new/CPU.xdc (Line: 8)
Previous Source: c:/Git/Uni-CPU/CPURev2/CPURev2.gen/sources_1/bd/Setup/ip/Setup_processing_system7_0_0/Setup_processing_system7_0_0.xdc (Line: 329)
Related violations: <none>

XDCC-2#8 Warning
Scoped Non-Timing constraint/property overwritten  
A new XDC property IOSTANDARD on DDR_addr[2] overrides a previous scoped property. It is not recommended to override a scoped (typically an IP) property and could result in unexpected behaviours.
New Source: C:/Git/Uni-CPU/CPURev2/CPURev2.srcs/constrs_1/new/CPU.xdc (Line: 8)
Previous Source: c:/Git/Uni-CPU/CPURev2/CPURev2.gen/sources_1/bd/Setup/ip/Setup_processing_system7_0_0/Setup_processing_system7_0_0.xdc (Line: 325)
Related violations: <none>

XDCC-2#9 Warning
Scoped Non-Timing constraint/property overwritten  
A new XDC property IOSTANDARD on DDR_addr[3] overrides a previous scoped property. It is not recommended to override a scoped (typically an IP) property and could result in unexpected behaviours.
New Source: C:/Git/Uni-CPU/CPURev2/CPURev2.srcs/constrs_1/new/CPU.xdc (Line: 8)
Previous Source: c:/Git/Uni-CPU/CPURev2/CPURev2.gen/sources_1/bd/Setup/ip/Setup_processing_system7_0_0/Setup_processing_system7_0_0.xdc (Line: 321)
Related violations: <none>

XDCC-2#10 Warning
Scoped Non-Timing constraint/property overwritten  
A new XDC property IOSTANDARD on DDR_addr[4] overrides a previous scoped property. It is not recommended to override a scoped (typically an IP) property and could result in unexpected behaviours.
New Source: C:/Git/Uni-CPU/CPURev2/CPURev2.srcs/constrs_1/new/CPU.xdc (Line: 8)
Previous Source: c:/Git/Uni-CPU/CPURev2/CPURev2.gen/sources_1/bd/Setup/ip/Setup_processing_system7_0_0/Setup_processing_system7_0_0.xdc (Line: 317)
Related violations: <none>

XDCC-2#11 Warning
Scoped Non-Timing constraint/property overwritten  
A new XDC property IOSTANDARD on DDR_addr[5] overrides a previous scoped property. It is not recommended to override a scoped (typically an IP) property and could result in unexpected behaviours.
New Source: C:/Git/Uni-CPU/CPURev2/CPURev2.srcs/constrs_1/new/CPU.xdc (Line: 8)
Previous Source: c:/Git/Uni-CPU/CPURev2/CPURev2.gen/sources_1/bd/Setup/ip/Setup_processing_system7_0_0/Setup_processing_system7_0_0.xdc (Line: 313)
Related violations: <none>

XDCC-2#12 Warning
Scoped Non-Timing constraint/property overwritten  
A new XDC property IOSTANDARD on DDR_addr[6] overrides a previous scoped property. It is not recommended to override a scoped (typically an IP) property and could result in unexpected behaviours.
New Source: C:/Git/Uni-CPU/CPURev2/CPURev2.srcs/constrs_1/new/CPU.xdc (Line: 8)
Previous Source: c:/Git/Uni-CPU/CPURev2/CPURev2.gen/sources_1/bd/Setup/ip/Setup_processing_system7_0_0/Setup_processing_system7_0_0.xdc (Line: 309)
Related violations: <none>

XDCC-2#13 Warning
Scoped Non-Timing constraint/property overwritten  
A new XDC property IOSTANDARD on DDR_addr[7] overrides a previous scoped property. It is not recommended to override a scoped (typically an IP) property and could result in unexpected behaviours.
New Source: C:/Git/Uni-CPU/CPURev2/CPURev2.srcs/constrs_1/new/CPU.xdc (Line: 8)
Previous Source: c:/Git/Uni-CPU/CPURev2/CPURev2.gen/sources_1/bd/Setup/ip/Setup_processing_system7_0_0/Setup_processing_system7_0_0.xdc (Line: 305)
Related violations: <none>

XDCC-2#14 Warning
Scoped Non-Timing constraint/property overwritten  
A new XDC property IOSTANDARD on DDR_addr[8] overrides a previous scoped property. It is not recommended to override a scoped (typically an IP) property and could result in unexpected behaviours.
New Source: C:/Git/Uni-CPU/CPURev2/CPURev2.srcs/constrs_1/new/CPU.xdc (Line: 8)
Previous Source: c:/Git/Uni-CPU/CPURev2/CPURev2.gen/sources_1/bd/Setup/ip/Setup_processing_system7_0_0/Setup_processing_system7_0_0.xdc (Line: 301)
Related violations: <none>

XDCC-2#15 Warning
Scoped Non-Timing constraint/property overwritten  
A new XDC property IOSTANDARD on DDR_addr[9] overrides a previous scoped property. It is not recommended to override a scoped (typically an IP) property and could result in unexpected behaviours.
New Source: C:/Git/Uni-CPU/CPURev2/CPURev2.srcs/constrs_1/new/CPU.xdc (Line: 8)
Previous Source: c:/Git/Uni-CPU/CPURev2/CPURev2.gen/sources_1/bd/Setup/ip/Setup_processing_system7_0_0/Setup_processing_system7_0_0.xdc (Line: 297)
Related violations: <none>

XDCC-2#16 Warning
Scoped Non-Timing constraint/property overwritten  
A new XDC property IOSTANDARD on DDR_ba[0] overrides a previous scoped property. It is not recommended to override a scoped (typically an IP) property and could result in unexpected behaviours.
New Source: C:/Git/Uni-CPU/CPURev2/CPURev2.srcs/constrs_1/new/CPU.xdc (Line: 8)
Previous Source: c:/Git/Uni-CPU/CPURev2/CPURev2.gen/sources_1/bd/Setup/ip/Setup_processing_system7_0_0/Setup_processing_system7_0_0.xdc (Line: 293)
Related violations: <none>

XDCC-2#17 Warning
Scoped Non-Timing constraint/property overwritten  
A new XDC property IOSTANDARD on DDR_ba[1] overrides a previous scoped property. It is not recommended to override a scoped (typically an IP) property and could result in unexpected behaviours.
New Source: C:/Git/Uni-CPU/CPURev2/CPURev2.srcs/constrs_1/new/CPU.xdc (Line: 8)
Previous Source: c:/Git/Uni-CPU/CPURev2/CPURev2.gen/sources_1/bd/Setup/ip/Setup_processing_system7_0_0/Setup_processing_system7_0_0.xdc (Line: 289)
Related violations: <none>

XDCC-2#18 Warning
Scoped Non-Timing constraint/property overwritten  
A new XDC property IOSTANDARD on DDR_ba[2] overrides a previous scoped property. It is not recommended to override a scoped (typically an IP) property and could result in unexpected behaviours.
New Source: C:/Git/Uni-CPU/CPURev2/CPURev2.srcs/constrs_1/new/CPU.xdc (Line: 8)
Previous Source: c:/Git/Uni-CPU/CPURev2/CPURev2.gen/sources_1/bd/Setup/ip/Setup_processing_system7_0_0/Setup_processing_system7_0_0.xdc (Line: 285)
Related violations: <none>

XDCC-2#19 Warning
Scoped Non-Timing constraint/property overwritten  
A new XDC property IOSTANDARD on DDR_cas_n overrides a previous scoped property. It is not recommended to override a scoped (typically an IP) property and could result in unexpected behaviours.
New Source: C:/Git/Uni-CPU/CPURev2/CPURev2.srcs/constrs_1/new/CPU.xdc (Line: 8)
Previous Source: c:/Git/Uni-CPU/CPURev2/CPURev2.gen/sources_1/bd/Setup/ip/Setup_processing_system7_0_0/Setup_processing_system7_0_0.xdc (Line: 281)
Related violations: <none>

XDCC-2#20 Warning
Scoped Non-Timing constraint/property overwritten  
A new XDC property IOSTANDARD on DDR_ck_n overrides a previous scoped property. It is not recommended to override a scoped (typically an IP) property and could result in unexpected behaviours.
New Source: C:/Git/Uni-CPU/CPURev2/CPURev2.srcs/constrs_1/new/CPU.xdc (Line: 8)
Previous Source: c:/Git/Uni-CPU/CPURev2/CPURev2.gen/sources_1/bd/Setup/ip/Setup_processing_system7_0_0/Setup_processing_system7_0_0.xdc (Line: 277)
Related violations: <none>

XDCC-2#21 Warning
Scoped Non-Timing constraint/property overwritten  
A new XDC property IOSTANDARD on DDR_ck_p overrides a previous scoped property. It is not recommended to override a scoped (typically an IP) property and could result in unexpected behaviours.
New Source: C:/Git/Uni-CPU/CPURev2/CPURev2.srcs/constrs_1/new/CPU.xdc (Line: 8)
Previous Source: c:/Git/Uni-CPU/CPURev2/CPURev2.gen/sources_1/bd/Setup/ip/Setup_processing_system7_0_0/Setup_processing_system7_0_0.xdc (Line: 273)
Related violations: <none>

XDCC-2#22 Warning
Scoped Non-Timing constraint/property overwritten  
A new XDC property IOSTANDARD on DDR_cke overrides a previous scoped property. It is not recommended to override a scoped (typically an IP) property and could result in unexpected behaviours.
New Source: C:/Git/Uni-CPU/CPURev2/CPURev2.srcs/constrs_1/new/CPU.xdc (Line: 8)
Previous Source: c:/Git/Uni-CPU/CPURev2/CPURev2.gen/sources_1/bd/Setup/ip/Setup_processing_system7_0_0/Setup_processing_system7_0_0.xdc (Line: 269)
Related violations: <none>

XDCC-2#23 Warning
Scoped Non-Timing constraint/property overwritten  
A new XDC property IOSTANDARD on DDR_cs_n overrides a previous scoped property. It is not recommended to override a scoped (typically an IP) property and could result in unexpected behaviours.
New Source: C:/Git/Uni-CPU/CPURev2/CPURev2.srcs/constrs_1/new/CPU.xdc (Line: 8)
Previous Source: c:/Git/Uni-CPU/CPURev2/CPURev2.gen/sources_1/bd/Setup/ip/Setup_processing_system7_0_0/Setup_processing_system7_0_0.xdc (Line: 265)
Related violations: <none>

XDCC-2#24 Warning
Scoped Non-Timing constraint/property overwritten  
A new XDC property IOSTANDARD on DDR_dm[0] overrides a previous scoped property. It is not recommended to override a scoped (typically an IP) property and could result in unexpected behaviours.
New Source: C:/Git/Uni-CPU/CPURev2/CPURev2.srcs/constrs_1/new/CPU.xdc (Line: 8)
Previous Source: c:/Git/Uni-CPU/CPURev2/CPURev2.gen/sources_1/bd/Setup/ip/Setup_processing_system7_0_0/Setup_processing_system7_0_0.xdc (Line: 261)
Related violations: <none>

XDCC-2#25 Warning
Scoped Non-Timing constraint/property overwritten  
A new XDC property IOSTANDARD on DDR_dm[1] overrides a previous scoped property. It is not recommended to override a scoped (typically an IP) property and could result in unexpected behaviours.
New Source: C:/Git/Uni-CPU/CPURev2/CPURev2.srcs/constrs_1/new/CPU.xdc (Line: 8)
Previous Source: c:/Git/Uni-CPU/CPURev2/CPURev2.gen/sources_1/bd/Setup/ip/Setup_processing_system7_0_0/Setup_processing_system7_0_0.xdc (Line: 257)
Related violations: <none>

XDCC-2#26 Warning
Scoped Non-Timing constraint/property overwritten  
A new XDC property IOSTANDARD on DDR_dm[2] overrides a previous scoped property. It is not recommended to override a scoped (typically an IP) property and could result in unexpected behaviours.
New Source: C:/Git/Uni-CPU/CPURev2/CPURev2.srcs/constrs_1/new/CPU.xdc (Line: 8)
Previous Source: c:/Git/Uni-CPU/CPURev2/CPURev2.gen/sources_1/bd/Setup/ip/Setup_processing_system7_0_0/Setup_processing_system7_0_0.xdc (Line: 252)
Related violations: <none>

XDCC-2#27 Warning
Scoped Non-Timing constraint/property overwritten  
A new XDC property IOSTANDARD on DDR_dm[3] overrides a previous scoped property. It is not recommended to override a scoped (typically an IP) property and could result in unexpected behaviours.
New Source: C:/Git/Uni-CPU/CPURev2/CPURev2.srcs/constrs_1/new/CPU.xdc (Line: 8)
Previous Source: c:/Git/Uni-CPU/CPURev2/CPURev2.gen/sources_1/bd/Setup/ip/Setup_processing_system7_0_0/Setup_processing_system7_0_0.xdc (Line: 247)
Related violations: <none>

XDCC-2#28 Warning
Scoped Non-Timing constraint/property overwritten  
A new XDC property IOSTANDARD on DDR_dq[0] overrides a previous scoped property. It is not recommended to override a scoped (typically an IP) property and could result in unexpected behaviours.
New Source: C:/Git/Uni-CPU/CPURev2/CPURev2.srcs/constrs_1/new/CPU.xdc (Line: 8)
Previous Source: c:/Git/Uni-CPU/CPURev2/CPURev2.gen/sources_1/bd/Setup/ip/Setup_processing_system7_0_0/Setup_processing_system7_0_0.xdc (Line: 243)
Related violations: <none>

XDCC-2#29 Warning
Scoped Non-Timing constraint/property overwritten  
A new XDC property IOSTANDARD on DDR_dq[10] overrides a previous scoped property. It is not recommended to override a scoped (typically an IP) property and could result in unexpected behaviours.
New Source: C:/Git/Uni-CPU/CPURev2/CPURev2.srcs/constrs_1/new/CPU.xdc (Line: 8)
Previous Source: c:/Git/Uni-CPU/CPURev2/CPURev2.gen/sources_1/bd/Setup/ip/Setup_processing_system7_0_0/Setup_processing_system7_0_0.xdc (Line: 239)
Related violations: <none>

XDCC-2#30 Warning
Scoped Non-Timing constraint/property overwritten  
A new XDC property IOSTANDARD on DDR_dq[11] overrides a previous scoped property. It is not recommended to override a scoped (typically an IP) property and could result in unexpected behaviours.
New Source: C:/Git/Uni-CPU/CPURev2/CPURev2.srcs/constrs_1/new/CPU.xdc (Line: 8)
Previous Source: c:/Git/Uni-CPU/CPURev2/CPURev2.gen/sources_1/bd/Setup/ip/Setup_processing_system7_0_0/Setup_processing_system7_0_0.xdc (Line: 235)
Related violations: <none>

XDCC-2#31 Warning
Scoped Non-Timing constraint/property overwritten  
A new XDC property IOSTANDARD on DDR_dq[12] overrides a previous scoped property. It is not recommended to override a scoped (typically an IP) property and could result in unexpected behaviours.
New Source: C:/Git/Uni-CPU/CPURev2/CPURev2.srcs/constrs_1/new/CPU.xdc (Line: 8)
Previous Source: c:/Git/Uni-CPU/CPURev2/CPURev2.gen/sources_1/bd/Setup/ip/Setup_processing_system7_0_0/Setup_processing_system7_0_0.xdc (Line: 231)
Related violations: <none>

XDCC-2#32 Warning
Scoped Non-Timing constraint/property overwritten  
A new XDC property IOSTANDARD on DDR_dq[13] overrides a previous scoped property. It is not recommended to override a scoped (typically an IP) property and could result in unexpected behaviours.
New Source: C:/Git/Uni-CPU/CPURev2/CPURev2.srcs/constrs_1/new/CPU.xdc (Line: 8)
Previous Source: c:/Git/Uni-CPU/CPURev2/CPURev2.gen/sources_1/bd/Setup/ip/Setup_processing_system7_0_0/Setup_processing_system7_0_0.xdc (Line: 227)
Related violations: <none>

XDCC-2#33 Warning
Scoped Non-Timing constraint/property overwritten  
A new XDC property IOSTANDARD on DDR_dq[14] overrides a previous scoped property. It is not recommended to override a scoped (typically an IP) property and could result in unexpected behaviours.
New Source: C:/Git/Uni-CPU/CPURev2/CPURev2.srcs/constrs_1/new/CPU.xdc (Line: 8)
Previous Source: c:/Git/Uni-CPU/CPURev2/CPURev2.gen/sources_1/bd/Setup/ip/Setup_processing_system7_0_0/Setup_processing_system7_0_0.xdc (Line: 223)
Related violations: <none>

XDCC-2#34 Warning
Scoped Non-Timing constraint/property overwritten  
A new XDC property IOSTANDARD on DDR_dq[15] overrides a previous scoped property. It is not recommended to override a scoped (typically an IP) property and could result in unexpected behaviours.
New Source: C:/Git/Uni-CPU/CPURev2/CPURev2.srcs/constrs_1/new/CPU.xdc (Line: 8)
Previous Source: c:/Git/Uni-CPU/CPURev2/CPURev2.gen/sources_1/bd/Setup/ip/Setup_processing_system7_0_0/Setup_processing_system7_0_0.xdc (Line: 219)
Related violations: <none>

XDCC-2#35 Warning
Scoped Non-Timing constraint/property overwritten  
A new XDC property IOSTANDARD on DDR_dq[16] overrides a previous scoped property. It is not recommended to override a scoped (typically an IP) property and could result in unexpected behaviours.
New Source: C:/Git/Uni-CPU/CPURev2/CPURev2.srcs/constrs_1/new/CPU.xdc (Line: 8)
Previous Source: c:/Git/Uni-CPU/CPURev2/CPURev2.gen/sources_1/bd/Setup/ip/Setup_processing_system7_0_0/Setup_processing_system7_0_0.xdc (Line: 214)
Related violations: <none>

XDCC-2#36 Warning
Scoped Non-Timing constraint/property overwritten  
A new XDC property IOSTANDARD on DDR_dq[17] overrides a previous scoped property. It is not recommended to override a scoped (typically an IP) property and could result in unexpected behaviours.
New Source: C:/Git/Uni-CPU/CPURev2/CPURev2.srcs/constrs_1/new/CPU.xdc (Line: 8)
Previous Source: c:/Git/Uni-CPU/CPURev2/CPURev2.gen/sources_1/bd/Setup/ip/Setup_processing_system7_0_0/Setup_processing_system7_0_0.xdc (Line: 209)
Related violations: <none>

XDCC-2#37 Warning
Scoped Non-Timing constraint/property overwritten  
A new XDC property IOSTANDARD on DDR_dq[18] overrides a previous scoped property. It is not recommended to override a scoped (typically an IP) property and could result in unexpected behaviours.
New Source: C:/Git/Uni-CPU/CPURev2/CPURev2.srcs/constrs_1/new/CPU.xdc (Line: 8)
Previous Source: c:/Git/Uni-CPU/CPURev2/CPURev2.gen/sources_1/bd/Setup/ip/Setup_processing_system7_0_0/Setup_processing_system7_0_0.xdc (Line: 204)
Related violations: <none>

XDCC-2#38 Warning
Scoped Non-Timing constraint/property overwritten  
A new XDC property IOSTANDARD on DDR_dq[19] overrides a previous scoped property. It is not recommended to override a scoped (typically an IP) property and could result in unexpected behaviours.
New Source: C:/Git/Uni-CPU/CPURev2/CPURev2.srcs/constrs_1/new/CPU.xdc (Line: 8)
Previous Source: c:/Git/Uni-CPU/CPURev2/CPURev2.gen/sources_1/bd/Setup/ip/Setup_processing_system7_0_0/Setup_processing_system7_0_0.xdc (Line: 199)
Related violations: <none>

XDCC-2#39 Warning
Scoped Non-Timing constraint/property overwritten  
A new XDC property IOSTANDARD on DDR_dq[1] overrides a previous scoped property. It is not recommended to override a scoped (typically an IP) property and could result in unexpected behaviours.
New Source: C:/Git/Uni-CPU/CPURev2/CPURev2.srcs/constrs_1/new/CPU.xdc (Line: 8)
Previous Source: c:/Git/Uni-CPU/CPURev2/CPURev2.gen/sources_1/bd/Setup/ip/Setup_processing_system7_0_0/Setup_processing_system7_0_0.xdc (Line: 195)
Related violations: <none>

XDCC-2#40 Warning
Scoped Non-Timing constraint/property overwritten  
A new XDC property IOSTANDARD on DDR_dq[20] overrides a previous scoped property. It is not recommended to override a scoped (typically an IP) property and could result in unexpected behaviours.
New Source: C:/Git/Uni-CPU/CPURev2/CPURev2.srcs/constrs_1/new/CPU.xdc (Line: 8)
Previous Source: c:/Git/Uni-CPU/CPURev2/CPURev2.gen/sources_1/bd/Setup/ip/Setup_processing_system7_0_0/Setup_processing_system7_0_0.xdc (Line: 190)
Related violations: <none>

XDCC-2#41 Warning
Scoped Non-Timing constraint/property overwritten  
A new XDC property IOSTANDARD on DDR_dq[21] overrides a previous scoped property. It is not recommended to override a scoped (typically an IP) property and could result in unexpected behaviours.
New Source: C:/Git/Uni-CPU/CPURev2/CPURev2.srcs/constrs_1/new/CPU.xdc (Line: 8)
Previous Source: c:/Git/Uni-CPU/CPURev2/CPURev2.gen/sources_1/bd/Setup/ip/Setup_processing_system7_0_0/Setup_processing_system7_0_0.xdc (Line: 185)
Related violations: <none>

XDCC-2#42 Warning
Scoped Non-Timing constraint/property overwritten  
A new XDC property IOSTANDARD on DDR_dq[22] overrides a previous scoped property. It is not recommended to override a scoped (typically an IP) property and could result in unexpected behaviours.
New Source: C:/Git/Uni-CPU/CPURev2/CPURev2.srcs/constrs_1/new/CPU.xdc (Line: 8)
Previous Source: c:/Git/Uni-CPU/CPURev2/CPURev2.gen/sources_1/bd/Setup/ip/Setup_processing_system7_0_0/Setup_processing_system7_0_0.xdc (Line: 180)
Related violations: <none>

XDCC-2#43 Warning
Scoped Non-Timing constraint/property overwritten  
A new XDC property IOSTANDARD on DDR_dq[23] overrides a previous scoped property. It is not recommended to override a scoped (typically an IP) property and could result in unexpected behaviours.
New Source: C:/Git/Uni-CPU/CPURev2/CPURev2.srcs/constrs_1/new/CPU.xdc (Line: 8)
Previous Source: c:/Git/Uni-CPU/CPURev2/CPURev2.gen/sources_1/bd/Setup/ip/Setup_processing_system7_0_0/Setup_processing_system7_0_0.xdc (Line: 175)
Related violations: <none>

XDCC-2#44 Warning
Scoped Non-Timing constraint/property overwritten  
A new XDC property IOSTANDARD on DDR_dq[24] overrides a previous scoped property. It is not recommended to override a scoped (typically an IP) property and could result in unexpected behaviours.
New Source: C:/Git/Uni-CPU/CPURev2/CPURev2.srcs/constrs_1/new/CPU.xdc (Line: 8)
Previous Source: c:/Git/Uni-CPU/CPURev2/CPURev2.gen/sources_1/bd/Setup/ip/Setup_processing_system7_0_0/Setup_processing_system7_0_0.xdc (Line: 170)
Related violations: <none>

XDCC-2#45 Warning
Scoped Non-Timing constraint/property overwritten  
A new XDC property IOSTANDARD on DDR_dq[25] overrides a previous scoped property. It is not recommended to override a scoped (typically an IP) property and could result in unexpected behaviours.
New Source: C:/Git/Uni-CPU/CPURev2/CPURev2.srcs/constrs_1/new/CPU.xdc (Line: 8)
Previous Source: c:/Git/Uni-CPU/CPURev2/CPURev2.gen/sources_1/bd/Setup/ip/Setup_processing_system7_0_0/Setup_processing_system7_0_0.xdc (Line: 165)
Related violations: <none>

XDCC-2#46 Warning
Scoped Non-Timing constraint/property overwritten  
A new XDC property IOSTANDARD on DDR_dq[26] overrides a previous scoped property. It is not recommended to override a scoped (typically an IP) property and could result in unexpected behaviours.
New Source: C:/Git/Uni-CPU/CPURev2/CPURev2.srcs/constrs_1/new/CPU.xdc (Line: 8)
Previous Source: c:/Git/Uni-CPU/CPURev2/CPURev2.gen/sources_1/bd/Setup/ip/Setup_processing_system7_0_0/Setup_processing_system7_0_0.xdc (Line: 160)
Related violations: <none>

XDCC-2#47 Warning
Scoped Non-Timing constraint/property overwritten  
A new XDC property IOSTANDARD on DDR_dq[27] overrides a previous scoped property. It is not recommended to override a scoped (typically an IP) property and could result in unexpected behaviours.
New Source: C:/Git/Uni-CPU/CPURev2/CPURev2.srcs/constrs_1/new/CPU.xdc (Line: 8)
Previous Source: c:/Git/Uni-CPU/CPURev2/CPURev2.gen/sources_1/bd/Setup/ip/Setup_processing_system7_0_0/Setup_processing_system7_0_0.xdc (Line: 155)
Related violations: <none>

XDCC-2#48 Warning
Scoped Non-Timing constraint/property overwritten  
A new XDC property IOSTANDARD on DDR_dq[28] overrides a previous scoped property. It is not recommended to override a scoped (typically an IP) property and could result in unexpected behaviours.
New Source: C:/Git/Uni-CPU/CPURev2/CPURev2.srcs/constrs_1/new/CPU.xdc (Line: 8)
Previous Source: c:/Git/Uni-CPU/CPURev2/CPURev2.gen/sources_1/bd/Setup/ip/Setup_processing_system7_0_0/Setup_processing_system7_0_0.xdc (Line: 150)
Related violations: <none>

XDCC-2#49 Warning
Scoped Non-Timing constraint/property overwritten  
A new XDC property IOSTANDARD on DDR_dq[29] overrides a previous scoped property. It is not recommended to override a scoped (typically an IP) property and could result in unexpected behaviours.
New Source: C:/Git/Uni-CPU/CPURev2/CPURev2.srcs/constrs_1/new/CPU.xdc (Line: 8)
Previous Source: c:/Git/Uni-CPU/CPURev2/CPURev2.gen/sources_1/bd/Setup/ip/Setup_processing_system7_0_0/Setup_processing_system7_0_0.xdc (Line: 145)
Related violations: <none>

XDCC-2#50 Warning
Scoped Non-Timing constraint/property overwritten  
A new XDC property IOSTANDARD on DDR_dq[2] overrides a previous scoped property. It is not recommended to override a scoped (typically an IP) property and could result in unexpected behaviours.
New Source: C:/Git/Uni-CPU/CPURev2/CPURev2.srcs/constrs_1/new/CPU.xdc (Line: 8)
Previous Source: c:/Git/Uni-CPU/CPURev2/CPURev2.gen/sources_1/bd/Setup/ip/Setup_processing_system7_0_0/Setup_processing_system7_0_0.xdc (Line: 141)
Related violations: <none>

XDCC-2#51 Warning
Scoped Non-Timing constraint/property overwritten  
A new XDC property IOSTANDARD on DDR_dq[30] overrides a previous scoped property. It is not recommended to override a scoped (typically an IP) property and could result in unexpected behaviours.
New Source: C:/Git/Uni-CPU/CPURev2/CPURev2.srcs/constrs_1/new/CPU.xdc (Line: 8)
Previous Source: c:/Git/Uni-CPU/CPURev2/CPURev2.gen/sources_1/bd/Setup/ip/Setup_processing_system7_0_0/Setup_processing_system7_0_0.xdc (Line: 136)
Related violations: <none>

XDCC-2#52 Warning
Scoped Non-Timing constraint/property overwritten  
A new XDC property IOSTANDARD on DDR_dq[31] overrides a previous scoped property. It is not recommended to override a scoped (typically an IP) property and could result in unexpected behaviours.
New Source: C:/Git/Uni-CPU/CPURev2/CPURev2.srcs/constrs_1/new/CPU.xdc (Line: 8)
Previous Source: c:/Git/Uni-CPU/CPURev2/CPURev2.gen/sources_1/bd/Setup/ip/Setup_processing_system7_0_0/Setup_processing_system7_0_0.xdc (Line: 131)
Related violations: <none>

XDCC-2#53 Warning
Scoped Non-Timing constraint/property overwritten  
A new XDC property IOSTANDARD on DDR_dq[3] overrides a previous scoped property. It is not recommended to override a scoped (typically an IP) property and could result in unexpected behaviours.
New Source: C:/Git/Uni-CPU/CPURev2/CPURev2.srcs/constrs_1/new/CPU.xdc (Line: 8)
Previous Source: c:/Git/Uni-CPU/CPURev2/CPURev2.gen/sources_1/bd/Setup/ip/Setup_processing_system7_0_0/Setup_processing_system7_0_0.xdc (Line: 127)
Related violations: <none>

XDCC-2#54 Warning
Scoped Non-Timing constraint/property overwritten  
A new XDC property IOSTANDARD on DDR_dq[4] overrides a previous scoped property. It is not recommended to override a scoped (typically an IP) property and could result in unexpected behaviours.
New Source: C:/Git/Uni-CPU/CPURev2/CPURev2.srcs/constrs_1/new/CPU.xdc (Line: 8)
Previous Source: c:/Git/Uni-CPU/CPURev2/CPURev2.gen/sources_1/bd/Setup/ip/Setup_processing_system7_0_0/Setup_processing_system7_0_0.xdc (Line: 123)
Related violations: <none>

XDCC-2#55 Warning
Scoped Non-Timing constraint/property overwritten  
A new XDC property IOSTANDARD on DDR_dq[5] overrides a previous scoped property. It is not recommended to override a scoped (typically an IP) property and could result in unexpected behaviours.
New Source: C:/Git/Uni-CPU/CPURev2/CPURev2.srcs/constrs_1/new/CPU.xdc (Line: 8)
Previous Source: c:/Git/Uni-CPU/CPURev2/CPURev2.gen/sources_1/bd/Setup/ip/Setup_processing_system7_0_0/Setup_processing_system7_0_0.xdc (Line: 119)
Related violations: <none>

XDCC-2#56 Warning
Scoped Non-Timing constraint/property overwritten  
A new XDC property IOSTANDARD on DDR_dq[6] overrides a previous scoped property. It is not recommended to override a scoped (typically an IP) property and could result in unexpected behaviours.
New Source: C:/Git/Uni-CPU/CPURev2/CPURev2.srcs/constrs_1/new/CPU.xdc (Line: 8)
Previous Source: c:/Git/Uni-CPU/CPURev2/CPURev2.gen/sources_1/bd/Setup/ip/Setup_processing_system7_0_0/Setup_processing_system7_0_0.xdc (Line: 115)
Related violations: <none>

XDCC-2#57 Warning
Scoped Non-Timing constraint/property overwritten  
A new XDC property IOSTANDARD on DDR_dq[7] overrides a previous scoped property. It is not recommended to override a scoped (typically an IP) property and could result in unexpected behaviours.
New Source: C:/Git/Uni-CPU/CPURev2/CPURev2.srcs/constrs_1/new/CPU.xdc (Line: 8)
Previous Source: c:/Git/Uni-CPU/CPURev2/CPURev2.gen/sources_1/bd/Setup/ip/Setup_processing_system7_0_0/Setup_processing_system7_0_0.xdc (Line: 111)
Related violations: <none>

XDCC-2#58 Warning
Scoped Non-Timing constraint/property overwritten  
A new XDC property IOSTANDARD on DDR_dq[8] overrides a previous scoped property. It is not recommended to override a scoped (typically an IP) property and could result in unexpected behaviours.
New Source: C:/Git/Uni-CPU/CPURev2/CPURev2.srcs/constrs_1/new/CPU.xdc (Line: 8)
Previous Source: c:/Git/Uni-CPU/CPURev2/CPURev2.gen/sources_1/bd/Setup/ip/Setup_processing_system7_0_0/Setup_processing_system7_0_0.xdc (Line: 107)
Related violations: <none>

XDCC-2#59 Warning
Scoped Non-Timing constraint/property overwritten  
A new XDC property IOSTANDARD on DDR_dq[9] overrides a previous scoped property. It is not recommended to override a scoped (typically an IP) property and could result in unexpected behaviours.
New Source: C:/Git/Uni-CPU/CPURev2/CPURev2.srcs/constrs_1/new/CPU.xdc (Line: 8)
Previous Source: c:/Git/Uni-CPU/CPURev2/CPURev2.gen/sources_1/bd/Setup/ip/Setup_processing_system7_0_0/Setup_processing_system7_0_0.xdc (Line: 103)
Related violations: <none>

XDCC-2#60 Warning
Scoped Non-Timing constraint/property overwritten  
A new XDC property IOSTANDARD on DDR_dqs_n[0] overrides a previous scoped property. It is not recommended to override a scoped (typically an IP) property and could result in unexpected behaviours.
New Source: C:/Git/Uni-CPU/CPURev2/CPURev2.srcs/constrs_1/new/CPU.xdc (Line: 8)
Previous Source: c:/Git/Uni-CPU/CPURev2/CPURev2.gen/sources_1/bd/Setup/ip/Setup_processing_system7_0_0/Setup_processing_system7_0_0.xdc (Line: 99)
Related violations: <none>

XDCC-2#61 Warning
Scoped Non-Timing constraint/property overwritten  
A new XDC property IOSTANDARD on DDR_dqs_n[1] overrides a previous scoped property. It is not recommended to override a scoped (typically an IP) property and could result in unexpected behaviours.
New Source: C:/Git/Uni-CPU/CPURev2/CPURev2.srcs/constrs_1/new/CPU.xdc (Line: 8)
Previous Source: c:/Git/Uni-CPU/CPURev2/CPURev2.gen/sources_1/bd/Setup/ip/Setup_processing_system7_0_0/Setup_processing_system7_0_0.xdc (Line: 95)
Related violations: <none>

XDCC-2#62 Warning
Scoped Non-Timing constraint/property overwritten  
A new XDC property IOSTANDARD on DDR_dqs_n[2] overrides a previous scoped property. It is not recommended to override a scoped (typically an IP) property and could result in unexpected behaviours.
New Source: C:/Git/Uni-CPU/CPURev2/CPURev2.srcs/constrs_1/new/CPU.xdc (Line: 8)
Previous Source: c:/Git/Uni-CPU/CPURev2/CPURev2.gen/sources_1/bd/Setup/ip/Setup_processing_system7_0_0/Setup_processing_system7_0_0.xdc (Line: 90)
Related violations: <none>

XDCC-2#63 Warning
Scoped Non-Timing constraint/property overwritten  
A new XDC property IOSTANDARD on DDR_dqs_n[3] overrides a previous scoped property. It is not recommended to override a scoped (typically an IP) property and could result in unexpected behaviours.
New Source: C:/Git/Uni-CPU/CPURev2/CPURev2.srcs/constrs_1/new/CPU.xdc (Line: 8)
Previous Source: c:/Git/Uni-CPU/CPURev2/CPURev2.gen/sources_1/bd/Setup/ip/Setup_processing_system7_0_0/Setup_processing_system7_0_0.xdc (Line: 85)
Related violations: <none>

XDCC-2#64 Warning
Scoped Non-Timing constraint/property overwritten  
A new XDC property IOSTANDARD on DDR_dqs_p[0] overrides a previous scoped property. It is not recommended to override a scoped (typically an IP) property and could result in unexpected behaviours.
New Source: C:/Git/Uni-CPU/CPURev2/CPURev2.srcs/constrs_1/new/CPU.xdc (Line: 8)
Previous Source: c:/Git/Uni-CPU/CPURev2/CPURev2.gen/sources_1/bd/Setup/ip/Setup_processing_system7_0_0/Setup_processing_system7_0_0.xdc (Line: 81)
Related violations: <none>

XDCC-2#65 Warning
Scoped Non-Timing constraint/property overwritten  
A new XDC property IOSTANDARD on DDR_dqs_p[1] overrides a previous scoped property. It is not recommended to override a scoped (typically an IP) property and could result in unexpected behaviours.
New Source: C:/Git/Uni-CPU/CPURev2/CPURev2.srcs/constrs_1/new/CPU.xdc (Line: 8)
Previous Source: c:/Git/Uni-CPU/CPURev2/CPURev2.gen/sources_1/bd/Setup/ip/Setup_processing_system7_0_0/Setup_processing_system7_0_0.xdc (Line: 77)
Related violations: <none>

XDCC-2#66 Warning
Scoped Non-Timing constraint/property overwritten  
A new XDC property IOSTANDARD on DDR_dqs_p[2] overrides a previous scoped property. It is not recommended to override a scoped (typically an IP) property and could result in unexpected behaviours.
New Source: C:/Git/Uni-CPU/CPURev2/CPURev2.srcs/constrs_1/new/CPU.xdc (Line: 8)
Previous Source: c:/Git/Uni-CPU/CPURev2/CPURev2.gen/sources_1/bd/Setup/ip/Setup_processing_system7_0_0/Setup_processing_system7_0_0.xdc (Line: 72)
Related violations: <none>

XDCC-2#67 Warning
Scoped Non-Timing constraint/property overwritten  
A new XDC property IOSTANDARD on DDR_dqs_p[3] overrides a previous scoped property. It is not recommended to override a scoped (typically an IP) property and could result in unexpected behaviours.
New Source: C:/Git/Uni-CPU/CPURev2/CPURev2.srcs/constrs_1/new/CPU.xdc (Line: 8)
Previous Source: c:/Git/Uni-CPU/CPURev2/CPURev2.gen/sources_1/bd/Setup/ip/Setup_processing_system7_0_0/Setup_processing_system7_0_0.xdc (Line: 67)
Related violations: <none>

XDCC-2#68 Warning
Scoped Non-Timing constraint/property overwritten  
A new XDC property IOSTANDARD on DDR_odt overrides a previous scoped property. It is not recommended to override a scoped (typically an IP) property and could result in unexpected behaviours.
New Source: C:/Git/Uni-CPU/CPURev2/CPURev2.srcs/constrs_1/new/CPU.xdc (Line: 8)
Previous Source: c:/Git/Uni-CPU/CPURev2/CPURev2.gen/sources_1/bd/Setup/ip/Setup_processing_system7_0_0/Setup_processing_system7_0_0.xdc (Line: 59)
Related violations: <none>

XDCC-2#69 Warning
Scoped Non-Timing constraint/property overwritten  
A new XDC property IOSTANDARD on DDR_ras_n overrides a previous scoped property. It is not recommended to override a scoped (typically an IP) property and could result in unexpected behaviours.
New Source: C:/Git/Uni-CPU/CPURev2/CPURev2.srcs/constrs_1/new/CPU.xdc (Line: 8)
Previous Source: c:/Git/Uni-CPU/CPURev2/CPURev2.gen/sources_1/bd/Setup/ip/Setup_processing_system7_0_0/Setup_processing_system7_0_0.xdc (Line: 55)
Related violations: <none>

XDCC-2#70 Warning
Scoped Non-Timing constraint/property overwritten  
A new XDC property IOSTANDARD on DDR_reset_n overrides a previous scoped property. It is not recommended to override a scoped (typically an IP) property and could result in unexpected behaviours.
New Source: C:/Git/Uni-CPU/CPURev2/CPURev2.srcs/constrs_1/new/CPU.xdc (Line: 8)
Previous Source: c:/Git/Uni-CPU/CPURev2/CPURev2.gen/sources_1/bd/Setup/ip/Setup_processing_system7_0_0/Setup_processing_system7_0_0.xdc (Line: 63)
Related violations: <none>

XDCC-2#71 Warning
Scoped Non-Timing constraint/property overwritten  
A new XDC property IOSTANDARD on DDR_we_n overrides a previous scoped property. It is not recommended to override a scoped (typically an IP) property and could result in unexpected behaviours.
New Source: C:/Git/Uni-CPU/CPURev2/CPURev2.srcs/constrs_1/new/CPU.xdc (Line: 8)
Previous Source: c:/Git/Uni-CPU/CPURev2/CPURev2.gen/sources_1/bd/Setup/ip/Setup_processing_system7_0_0/Setup_processing_system7_0_0.xdc (Line: 51)
Related violations: <none>

XDCC-2#72 Warning
Scoped Non-Timing constraint/property overwritten  
A new XDC property IOSTANDARD on FIXED_IO_ddr_vrn overrides a previous scoped property. It is not recommended to override a scoped (typically an IP) property and could result in unexpected behaviours.
New Source: C:/Git/Uni-CPU/CPURev2/CPURev2.srcs/constrs_1/new/CPU.xdc (Line: 14)
Previous Source: c:/Git/Uni-CPU/CPURev2/CPURev2.gen/sources_1/bd/Setup/ip/Setup_processing_system7_0_0/Setup_processing_system7_0_0.xdc (Line: 47)
Related violations: <none>

XDCC-2#73 Warning
Scoped Non-Timing constraint/property overwritten  
A new XDC property IOSTANDARD on FIXED_IO_ddr_vrp overrides a previous scoped property. It is not recommended to override a scoped (typically an IP) property and could result in unexpected behaviours.
New Source: C:/Git/Uni-CPU/CPURev2/CPURev2.srcs/constrs_1/new/CPU.xdc (Line: 14)
Previous Source: c:/Git/Uni-CPU/CPURev2/CPURev2.gen/sources_1/bd/Setup/ip/Setup_processing_system7_0_0/Setup_processing_system7_0_0.xdc (Line: 43)
Related violations: <none>

XDCC-2#74 Warning
Scoped Non-Timing constraint/property overwritten  
A new XDC property IOSTANDARD on FIXED_IO_mio[50] overrides a previous scoped property. It is not recommended to override a scoped (typically an IP) property and could result in unexpected behaviours.
New Source: C:/Git/Uni-CPU/CPURev2/CPURev2.srcs/constrs_1/new/CPU.xdc (Line: 14)
Previous Source: c:/Git/Uni-CPU/CPURev2/CPURev2.gen/sources_1/bd/Setup/ip/Setup_processing_system7_0_0/Setup_processing_system7_0_0.xdc (Line: 37)
Related violations: <none>

XDCC-2#75 Warning
Scoped Non-Timing constraint/property overwritten  
A new XDC property IOSTANDARD on FIXED_IO_mio[51] overrides a previous scoped property. It is not recommended to override a scoped (typically an IP) property and could result in unexpected behaviours.
New Source: C:/Git/Uni-CPU/CPURev2/CPURev2.srcs/constrs_1/new/CPU.xdc (Line: 14)
Previous Source: c:/Git/Uni-CPU/CPURev2/CPURev2.gen/sources_1/bd/Setup/ip/Setup_processing_system7_0_0/Setup_processing_system7_0_0.xdc (Line: 30)
Related violations: <none>

XDCC-2#76 Warning
Scoped Non-Timing constraint/property overwritten  
A new XDC property IOSTANDARD on FIXED_IO_ps_clk overrides a previous scoped property. It is not recommended to override a scoped (typically an IP) property and could result in unexpected behaviours.
New Source: C:/Git/Uni-CPU/CPURev2/CPURev2.srcs/constrs_1/new/CPU.xdc (Line: 14)
Previous Source: c:/Git/Uni-CPU/CPURev2/CPURev2.gen/sources_1/bd/Setup/ip/Setup_processing_system7_0_0/Setup_processing_system7_0_0.xdc (Line: 363)
Related violations: <none>

XDCC-2#77 Warning
Scoped Non-Timing constraint/property overwritten  
A new XDC property IOSTANDARD on FIXED_IO_ps_porb overrides a previous scoped property. It is not recommended to override a scoped (typically an IP) property and could result in unexpected behaviours.
New Source: C:/Git/Uni-CPU/CPURev2/CPURev2.srcs/constrs_1/new/CPU.xdc (Line: 14)
Previous Source: c:/Git/Uni-CPU/CPURev2/CPURev2.gen/sources_1/bd/Setup/ip/Setup_processing_system7_0_0/Setup_processing_system7_0_0.xdc (Line: 357)
Related violations: <none>

XDCC-2#78 Warning
Scoped Non-Timing constraint/property overwritten  
A new XDC property IOSTANDARD on FIXED_IO_ps_srstb overrides a previous scoped property. It is not recommended to override a scoped (typically an IP) property and could result in unexpected behaviours.
New Source: C:/Git/Uni-CPU/CPURev2/CPURev2.srcs/constrs_1/new/CPU.xdc (Line: 14)
Previous Source: c:/Git/Uni-CPU/CPURev2/CPURev2.gen/sources_1/bd/Setup/ip/Setup_processing_system7_0_0/Setup_processing_system7_0_0.xdc (Line: 360)
Related violations: <none>


