#-----------------------------------------------------------
# Vivado v2024.1 (64-bit)
# SW Build 5076996 on Wed May 22 18:37:14 MDT 2024
# IP Build 5075265 on Wed May 22 21:45:21 MDT 2024
# SharedData Build 5076995 on Wed May 22 18:29:18 MDT 2024
# Start of session at: Tue Aug  6 15:00:22 2024
# Process ID: 14044
# Current directory: Y:/C++/Uni-CPU/CPURev2/CPURev2.runs/Setup_processing_system7_0_0_synth_1
# Command line: vivado.exe -log Setup_processing_system7_0_0.vds -product Vivado -mode batch -messageDb vivado.pb -notrace -source Setup_processing_system7_0_0.tcl
# Log file: Y:/C++/Uni-CPU/CPURev2/CPURev2.runs/Setup_processing_system7_0_0_synth_1/Setup_processing_system7_0_0.vds
# Journal file: Y:/C++/Uni-CPU/CPURev2/CPURev2.runs/Setup_processing_system7_0_0_synth_1\vivado.jou
# Running On        :DESKTOP-PSI4IU2
# Platform          :Windows Server 2016 or Windows 10
# Operating System  :22631
# Processor Detail  :13th Gen Intel(R) Core(TM) i7-13700K
# CPU Frequency     :3418 MHz
# CPU Physical cores:16
# CPU Logical cores :16
# Host memory       :34335 MB
# Swap memory       :2281 MB
# Total Virtual     :36617 MB
# Available Virtual :26506 MB
#-----------------------------------------------------------
source Setup_processing_system7_0_0.tcl -notrace
